WARNING: A terminally deprecated method in sun.misc.Unsafe has been called
WARNING: sun.misc.Unsafe::staticFieldBase has been called by com.google.inject.internal.aop.HiddenClassDefiner (file:/C:/Program%20Files/Apache/apache-maven-3.9.11/lib/guice-5.1.0-classes.jar)
WARNING: Please consider reporting this to the maintainers of class com.google.inject.internal.aop.HiddenClassDefiner
WARNING: sun.misc.Unsafe::staticFieldBase will be removed in a future release
[INFO] Scanning for projects...
[INFO] 
[INFO] ------------< com.trungtamdaotao:English-Center-Management >------------
[INFO] Building English-Center-Management 1.0-SNAPSHOT
[INFO]   from pom.xml
[INFO] --------------------------------[ jar ]---------------------------------
[INFO] 
[INFO] --- clean:3.2.0:clean (default-clean) @ English-Center-Management ---
[INFO] Deleting D:\Fullit\projects\NNLTTT\English-Center-Management\target
[INFO] 
[INFO] --- resources:3.3.1:resources (default-resources) @ English-Center-Management ---
[INFO] Copying 1 resource from src\main\resources to target\classes
[INFO] 
[INFO] --- compiler:3.13.0:compile (default-compile) @ English-Center-Management ---
[INFO] Recompiling the module because of changed source code.
[INFO] Compiling 126 source files with javac [debug target 21] to target\classes
[INFO] -------------------------------------------------------------
[WARNING] COMPILATION WARNING : 
[INFO] -------------------------------------------------------------
[WARNING] location of system modules is not set in conjunction with -source 21
  not setting the location of system modules may lead to class files that cannot run on JDK 21
    --release 21 is recommended instead of -source 21 -target 21 because it sets the location of system modules automatically
[INFO] 1 warning
[INFO] -------------------------------------------------------------
[INFO] -------------------------------------------------------------
[ERROR] COMPILATION ERROR : 
[INFO] -------------------------------------------------------------
[ERROR] /D:/Fullit/projects/NNLTTT/English-Center-Management/src/main/java/com/trungtamdaotao/view/student/StudentManagerFrame.java:[10,40] cannot find symbol
  symbol:   class UserSession
  location: package com.trungtamdaotao.util.security
[ERROR] /D:/Fullit/projects/NNLTTT/English-Center-Management/src/main/java/com/trungtamdaotao/controller/student/StudentController.java:[63,35] cannot find symbol
  symbol:   method getStudentById(int)
  location: variable studentService of type com.trungtamdaotao.model.service.student.StudentService
[ERROR] /D:/Fullit/projects/NNLTTT/English-Center-Management/src/main/java/com/trungtamdaotao/view/student/StudentManagerFrame.java:[38,9] constructor BaseManagerFrame in class com.trungtamdaotao.view.common.BaseManagerFrame cannot be applied to given types;
  required: java.lang.String
  found:    java.lang.String,com.trungtamdaotao.model.entity.enums.AccountRole[],com.trungtamdaotao.model.entity.enums.StaffRole[]
  reason: actual and formal argument lists differ in length
[ERROR] /D:/Fullit/projects/NNLTTT/English-Center-Management/src/main/java/com/trungtamdaotao/view/student/StudentManagerFrame.java:[121,13] cannot find symbol
  symbol:   variable UserSession
  location: class com.trungtamdaotao.view.student.StudentManagerFrame
[ERROR] /D:/Fullit/projects/NNLTTT/English-Center-Management/src/main/java/com/trungtamdaotao/view/student/StudentManagerFrame.java:[271,40] cannot find symbol
  symbol:   variable UserSession
  location: class com.trungtamdaotao.view.student.StudentManagerFrame
[ERROR] /D:/Fullit/projects/NNLTTT/English-Center-Management/src/main/java/com/trungtamdaotao/view/student/StudentManagerFrame.java:[272,38] cannot find symbol
  symbol:   variable UserSession
  location: class com.trungtamdaotao.view.student.StudentManagerFrame
[INFO] 6 errors 
[INFO] -------------------------------------------------------------
[INFO] ------------------------------------------------------------------------
[INFO] BUILD FAILURE
[INFO] ------------------------------------------------------------------------
[INFO] Total time:  4.091 s
[INFO] Finished at: 2026-03-13T11:33:06+07:00
[INFO] ------------------------------------------------------------------------
[ERROR] Failed to execute goal org.apache.maven.plugins:maven-compiler-plugin:3.13.0:compile (default-compile) on project English-Center-Management: Compilation failure: Compilation failure: 
[ERROR] /D:/Fullit/projects/NNLTTT/English-Center-Management/src/main/java/com/trungtamdaotao/view/student/StudentManagerFrame.java:[10,40] cannot find symbol
[ERROR]   symbol:   class UserSession
[ERROR]   location: package com.trungtamdaotao.util.security
[ERROR] /D:/Fullit/projects/NNLTTT/English-Center-Management/src/main/java/com/trungtamdaotao/controller/student/StudentController.java:[63,35] cannot find symbol
[ERROR]   symbol:   method getStudentById(int)
[ERROR]   location: variable studentService of type com.trungtamdaotao.model.service.student.StudentService
[ERROR] /D:/Fullit/projects/NNLTTT/English-Center-Management/src/main/java/com/trungtamdaotao/view/student/StudentManagerFrame.java:[38,9] constructor BaseManagerFrame in class com.trungtamdaotao.view.common.BaseManagerFrame cannot be applied to given types;
[ERROR]   required: java.lang.String
[ERROR]   found:    java.lang.String,com.trungtamdaotao.model.entity.enums.AccountRole[],com.trungtamdaotao.model.entity.enums.StaffRole[]
[ERROR]   reason: actual and formal argument lists differ in length
[ERROR] /D:/Fullit/projects/NNLTTT/English-Center-Management/src/main/java/com/trungtamdaotao/view/student/StudentManagerFrame.java:[121,13] cannot find symbol
[ERROR]   symbol:   variable UserSession
[ERROR]   location: class com.trungtamdaotao.view.student.StudentManagerFrame
[ERROR] /D:/Fullit/projects/NNLTTT/English-Center-Management/src/main/java/com/trungtamdaotao/view/student/StudentManagerFrame.java:[271,40] cannot find symbol
[ERROR]   symbol:   variable UserSession
[ERROR]   location: class com.trungtamdaotao.view.student.StudentManagerFrame
[ERROR] /D:/Fullit/projects/NNLTTT/English-Center-Management/src/main/java/com/trungtamdaotao/view/student/StudentManagerFrame.java:[272,38] cannot find symbol
[ERROR]   symbol:   variable UserSession
[ERROR]   location: class com.trungtamdaotao.view.student.StudentManagerFrame
[ERROR] -> [Help 1]
[ERROR] 
[ERROR] To see the full stack trace of the errors, re-run Maven with the -e switch.
[ERROR] Re-run Maven using the -X switch to enable full debug logging.
[ERROR] 
[ERROR] For more information about the errors and possible solutions, please read the following articles:
[ERROR] [Help 1] http://cwiki.apache.org/confluence/display/MAVEN/MojoFailureException
